Microchip MPLAB XC8 Compiler V1.38 ()

Linker command line:

-W-3 --edf=/Applications/microchip/xc8/v1.38/dat/en_msgs.txt -cs \
  -h+dist/default/debug/CAN_TEST.debug.sym \
  --cmf=dist/default/debug/CAN_TEST.debug.cmf -z -Q18F2480 -o/tmp/xcyHt4hA1 \
  -Mdist/default/debug/CAN_TEST.debug.map -E1 -ver=XC8 -ASTACK=09Ch-02ffh \
  -pstack=STACK -ACODE=00h-03FFFh -ACONST=00h-03FFFh \
  -ASMALLCONST=0300h-03FFhx61 -AMEDIUMCONST=0300h-03FFFh -ACOMRAM=01h-05Fh \
  -AABS1=00h-02FFh -ABIGRAM=01h-02FFh -ARAM=060h-0FFh,0100h-01FFhx2 \
  -ABANK0=060h-0FFh -ABANK1=0100h-01FFh -ABANK2=0200h-02FFh \
  -ASFR=0D00h-0DFFhx2,0F00h-0F5Fh,0F60h-0FFFh \
  -preset_vec=00h,intcode=08h,intcodelo,powerup,init,end_init \
  -pramtop=0300h -psmallconst=SMALLCONST -pmediumconst=MEDIUMCONST \
  -pconst=CONST -AFARRAM=00h-00h -ACONFIG=0300000h-030000Dh -pconfig=CONFIG \
  -AIDLOC=0200000h-0200007h -pidloc=IDLOC -AEEDATA=0F00000h-0F000FFh \
  -peeprom_data=EEDATA \
  -prdata=COMRAM,nvrram=COMRAM,nvbit=COMRAM,rbss=COMRAM,rbit=COMRAM \
  -pfarbss=FARRAM,fardata=FARRAM,nvFARRAM=FARRAM \
  -pintsave_regs=BIGRAM,bigbss=BIGRAM,bigdata=BIGRAM -pbss=RAM \
  -pidata=CODE,irdata=CODE,ibigdata=CODE,ifardata=CODE -prparam=COMRAM \
  /tmp/xc4AKpgLH.obj dist/default/debug/CAN_TEST.debug.obj 

Object code version is 3.11

Machine type is 18F2480

Call graph: (short form)




                Name                               Link     Load   Length Selector   Space Scale
/tmp/xc4AKpgLH.obj
                end_init                             16       16        4        4       0
                reset_vec                             0        0        4        0       0
                idloc                            200000   200000        8   200000       0
                config                           300000   300000        E   300000       0
dist/default/debug/CAN_TEST.debug.obj
                intcode                               8        8        E        4       0
                temp                                 4F       4F        1        1       1
                smallconst                          300      300       BA      180       0
                text28                              D40      D40       14      1DD       0
                text27                              D7A      D7A        2      1DD       0
                intcode_body                        838      838       AE      1DD       0
                text25                              BA0      BA0       36      1DD       0
                text24                              D10      D10       1C      1DD       0
                text23                              D66      D66        E      1DD       0
                text22                              A4A      A4A       70      1DD       0
                text21                              CCE      CCE       26      1DD       0
                text20                              784      784       B4      1DD       0
                text19                              9D8      9D8       72      1DD       0
                text18                              B1E      B1E       42      1DD       0
                text17                              BD6      BD6       2E      1DD       0
                text16                              5B0      5B0       EC      1DD       0
                text15                              D74      D74        4      1DD       0
                text14                              B60      B60       40      1DD       0
                text13                              C58      C58       2A      1DD       0
                text12                              3BA      3BA       FE      1DD       0
                text11                              ABA      ABA       64      1DD       0
                text10                              CA8      CA8       26      1DD       0
                text9                               C2E      C2E       2A      1DD       0
                text8                               CF4      CF4       1C      1DD       0
                text7                               966      966       72      1DD       0
                text6                               D2C      D2C       14      1DD       0
                text5                               4B8      4B8       F8      1DD       0
                text4                               D54      D54       12      1DD       0
                text3                               69C      69C       E8      1DD       0
                text2                               D78      D78        2      1DD       0
                text1                               C04      C04       2A      1DD       0
                text0                               8E6      8E6       80      1DD       0
                cstackCOMRAM                          1        1       2A        1       1
                cstackBANK0                          8C       8C       10       60       1
                bssBANK0                             60       60       2C       60       1
                bssCOMRAM                            2B       2B       24        1       1
                cinit                               C82      C82       26      1DD       0

TOTAL           Name                               Link     Load   Length     Space
        CLASS   STACK          

        CLASS   CODE           
                end_init                             16       16        4         0
                intcode                               8        8        E         0
                reset_vec                             0        0        4         0
                text28                              D40      D40       14         0
                text27                              D7A      D7A        2         0
                intcode_body                        838      838       AE         0
                text25                              BA0      BA0       36         0
                text24                              D10      D10       1C         0
                text23                              D66      D66        E         0
                text22                              A4A      A4A       70         0
                text21                              CCE      CCE       26         0
                text20                              784      784       B4         0
                text19                              9D8      9D8       72         0
                text18                              B1E      B1E       42         0
                text17                              BD6      BD6       2E         0
                text16                              5B0      5B0       EC         0
                text15                              D74      D74        4         0
                text14                              B60      B60       40         0
                text13                              C58      C58       2A         0
                text12                              3BA      3BA       FE         0
                text11                              ABA      ABA       64         0
                text10                              CA8      CA8       26         0
                text9                               C2E      C2E       2A         0
                text8                               CF4      CF4       1C         0
                text7                               966      966       72         0
                text6                               D2C      D2C       14         0
                text5                               4B8      4B8       F8         0
                text4                               D54      D54       12         0
                text3                               69C      69C       E8         0
                text2                               D78      D78        2         0
                text1                               C04      C04       2A         0
                text0                               8E6      8E6       80         0
                cinit                               C82      C82       26         0

        CLASS   CONST          

        CLASS   SMALLCONST     
                smallconst                          300      300       BA         0

        CLASS   MEDIUMCONST    

        CLASS   COMRAM         
                temp                                 4F       4F        1         1
                cstackCOMRAM                          1        1       2A         1
                bssCOMRAM                            2B       2B       24         1

        CLASS   ABS1           

        CLASS   BIGRAM         

        CLASS   RAM            

        CLASS   BANK0          
                cstackBANK0                          8C       8C       10         1
                bssBANK0                             60       60       2C         1

        CLASS   BANK1          

        CLASS   BANK2          

        CLASS   SFR            

        CLASS   FARRAM         

        CLASS   CONFIG         
                config                           300000   300000        E         0

        CLASS   IDLOC          
                idloc                            200000   200000        8         0

        CLASS   EEDATA         



SEGMENTS        Name                           Load    Length   Top    Selector   Space  Class

                reset_vec                      000000  000004  000004         0       0  CODE    
                cstackCOMRAM                   000001  00004F  000050         1       1  COMRAM  
                intcode                        000008  000012  00001A         4       0  CODE    
                bssBANK0                       000060  00003C  00009C        60       1  BANK0   
                smallconst                     000300  0000BA  0003BA       180       0  SMALLCON
                text12                         0003BA  0009C2  000D7C       1DD       0  CODE    
                idloc                          200000  000008  200008    200000       0  IDLOC   
                config                         300000  00000E  30000E    300000       0  CONFIG  


UNUSED ADDRESS RANGES

        Name                Unused          Largest block    Delta
        BANK0            00009C-0000FF               64
        BANK1            000100-0001FF              100
        BANK2            000200-0002FF              100
        BIGRAM           000050-00005F               10
                         00009C-0002FF              264
        CODE             000004-000007                4
                         00001A-0002FF              2E6
                         000D7C-003FFF             3284
        COMRAM           000050-00005F               10
        CONST            000004-000007                4
                         00001A-0002FF              2E6
                         000D7C-003FFF             3284
        EEDATA           F00000-F000FF              100
        MEDIUMCONST      000D7C-003FFF             3284
        RAM              00009C-0002FF              100
        SFR              000D00-000FFF              100
        SMALLCONST       000D7C-003FFF              100
        STACK            00009C-0002FF              264

                                  Symbol Table

?_RunCan_XmitService                 cstackCOMRAM 000012
?_RunToggleService                   cstackCOMRAM 000012
?___awmod                            cstackCOMRAM 000011
?___wmul                             cstackCOMRAM 000017
?_printf                             cstackCOMRAM 000011
Can_XmitService@MyPriority           bssCOMRAM    00003C
ES_CheckUserEvents@i                 cstackCOMRAM 000011
ES_DeQueue@NumLeft                   cstackCOMRAM 000024
ES_DeQueue@SaveCrit                  cstackCOMRAM 000023
ES_DeQueue@pBlock                    cstackCOMRAM 00001D
ES_DeQueue@pReturnEvent              cstackCOMRAM 00001F
ES_DeQueue@pThisQueue                cstackCOMRAM 000025
ES_EnQueueFIFO@Event2Add             cstackCOMRAM 00001F
ES_EnQueueFIFO@SaveCrit              cstackCOMRAM 000025
ES_EnQueueFIFO@pBlock                cstackCOMRAM 00001D
ES_EnQueueFIFO@pThisQueue            cstackCOMRAM 000026
ES_GetMSBitSet@LoopCntr              cstackCOMRAM 00001A
ES_GetMSBitSet@Nybble2Test           cstackCOMRAM 000019
ES_GetMSBitSet@ReturnVal             cstackCOMRAM 000018
ES_GetMSBitSet@Val2Check             cstackCOMRAM 000011
ES_InitQueue@BlockSize               cstackCOMRAM 000013
ES_InitQueue@pBlock                  cstackCOMRAM 000011
ES_InitQueue@pThisQueue              cstackCOMRAM 000014
ES_Initialize@NewRate                cstackBANK0  000093
ES_Initialize@i                      cstackBANK0  000095
ES_PostToService@TheEvent            cstackCOMRAM 000028
ES_PostToService@WhichService        cstackBANK0  00008E
ES_Run@HighestPrior                  cstackBANK0  00009A
ES_Run@ThisEvent                     bssCOMRAM    00004C
ES_Timer_Init@Rate                   cstackCOMRAM 000013
ES_Timer_Tick_Resp@NeedsProcessing   bssCOMRAM    00002E
ES_Timer_Tick_Resp@NewEvent          bssCOMRAM    00002B
ES_Timer_Tick_Resp@NextTimer2Process bssCOMRAM    00003D
ISR@LastTime                         bssCOMRAM    000030
ISR@NextTime                         bssCOMRAM    000032
InitCan_XmitService@Priority         cstackBANK0  000092
InitCan_XmitService@ThisEvent        cstackBANK0  00008F
InitToggleService@Priority           cstackBANK0  000092
InitToggleService@ThisEvent          cstackBANK0  00008F
PostToggleService@ThisEvent          cstackBANK0  00008F
RunCan_XmitService@ReturnEvent       cstackCOMRAM 000015
RunCan_XmitService@ThisEvent         cstackCOMRAM 000012
RunToggleService@ReturnEvent         cstackCOMRAM 000015
RunToggleService@ThisEvent           cstackCOMRAM 000012
XmitData@DataByte                    cstackCOMRAM 000011
_ADCON1                              (abs)        000FC1
_BRGCON1bits                         (abs)        000F70
_BRGCON2bits                         (abs)        000F71
_BRGCON3bits                         (abs)        000F72
_BitNum2SetMask                      smallconst   000301
_CANCON                              (abs)        000F6F
_CANSTATbits                         (abs)        000F6E
_CCP1CON                             (abs)        000FBD
_CCP1IF                              (abs)        007CF2
_CCPR1H                              (abs)        000FBF
_CCPR1L                              (abs)        000FBE
_CanRCVResponse                      text28       000D40
_CanXmitResponse                     text27       000D7A
_Check4Keystroke                     text15       000D74
_ECANCON                             (abs)        000F77
_ES_CheckUserEvents                  text14       000B60
_ES_DeQueue                          text12       0003BA
_ES_EnQueueFIFO                      text20       000784
_ES_EventList                        smallconst   00035E
_ES_GetMSBitSet                      text7        000966
_ES_InitQueue                        text25       000BA0
_ES_Initialize                       text16       0005B0
_ES_PostToService                    text19       0009D8
_ES_Run                              text3        00069C
_ES_Timer_Init                       text23       000D66
_ES_Timer_Tick_Resp                  text5        0004B8
_EventQueues                         smallconst   000358
_GIE                                 (abs)        007F97
_INTCON                              (abs)        000FF2
_IRCF0                               (abs)        007E9C
_IRCF1                               (abs)        007E9D
_IRCF2                               (abs)        007E9E
_ISR                                 intcode      000008
_InitCanHardware                     text11       000ABA
_InitCan_XmitService                 text17       000BD6
_InitToggleService                   text18       000B1E
_LATA                                (abs)        000F89
_LATA0                               (abs)        007C48
_LATA1                               (abs)        007C49
_LATB                                (abs)        000F8A
_MyPriority                          bssCOMRAM    00003E
_Nybble2MSBitNum                     smallconst   000341
_PIE1                                (abs)        000F9D
_PIE3                                (abs)        000FA3
_PORTA                               (abs)        000F80
_PORTB                               (abs)        000F81
_PostToggleService                   text6        000D2C
_Queue0                              bssCOMRAM    000040
_Queue1                              bssBANK0     000080
_RXB0CONbits                         (abs)        000F60
_RXB0IE                              (abs)        007D18
_RXB0IF                              (abs)        007D20
_RXF0SIDH                            (abs)        000F00
_RXF0SIDL                            (abs)        000F01
_RXM0SIDH                            (abs)        000F18
_RXM0SIDL                            (abs)        000F19
_Ready                               bssCOMRAM    000034
_RunCan_XmitService                  text8        000CF4
_RunToggleService                    text9        000C2E
_SCS1                                (abs)        007E99
_ServDescList                        smallconst   000350
_SysTickCounter                      bssCOMRAM    000036
_T1CON                               (abs)        000FCD
_TMR_ActiveFlags                     bssCOMRAM    000038
_TMR_TimerArray                      bssBANK0     000060
_TRISA                               (abs)        000F92
_TRISBbits                           (abs)        000F93
_TXB0CONbits                         (abs)        000F40
_TXB0D0                              (abs)        000F46
_TXB0DLC                             (abs)        000F45
_TXB0IE                              (abs)        007D1A
_TXB0IF                              (abs)        007D22
_TXB0SIDH                            (abs)        000F41
_TXB0SIDL                            (abs)        000F42
_TickCount                           bssCOMRAM    00003F
_Timer2PostFunc                      smallconst   000321
_XmitData                            text10       000CA8
__CFG_BOREN$OFF                      (abs)        000000
__CFG_MCLRE$ON                       (abs)        000000
__CFG_OSC$IRCIO67                    (abs)        000000
__CFG_PBADEN$OFF                     (abs)        000000
__CFG_PWRT$OFF                       (abs)        000000
__CFG_WDT$OFF                        (abs)        000000
__HRAM                               (abs)        000000
__HW_Process_Pending_Ints            text4        000D54
__HW_Timer_Init                      text24       000D10
__HW_Timer_Init@Rate                 cstackCOMRAM 000011
__Habs1                              abs1         000000
__Hbank0                             bank0        000000
__Hbank1                             bank1        000000
__Hbank2                             bank2        000000
__Hbigbss                            bigbss       000000
__Hbigdata                           bigdata      000000
__Hbigram                            bigram       000000
__Hbss                               bss          000000
__HbssBANK0                          bssBANK0     000000
__HbssCOMRAM                         bssCOMRAM    000000
__Hcinit                             cinit        000000
__Hclrtext                           clrtext      000000
__Hcomram                            comram       000000
__Hconfig                            config       30000E
__Hconst                             const        000000
__HcstackBANK0                       cstackBANK0  000000
__HcstackCOMRAM                      cstackCOMRAM 000000
__Hdata                              data         000000
__Heeprom_data                       eeprom_data  000000
__Hend_init                          end_init     00001A
__Hfarbss                            farbss       000000
__Hfardata                           fardata      000000
__Hibigdata                          ibigdata     000000
__Hidata                             idata        000000
__Hidloc                             idloc        200008
__Hifardata                          ifardata     000000
__Hinit                              init         000016
__Hintcode                           intcode      000016
__Hintcode_body                      intcode_body 000000
__Hintcodelo                         intcodelo    000016
__Hintentry                          intentry     000000
__Hintret                            intret       000000
__Hintsave_regs                      intsave_regs 000000
__Hirdata                            irdata       000000
__Hmediumconst                       mediumconst  000000
__HnvFARRAM                          nvFARRAM     000000
__Hnvbit                             nvbit        000000
__Hnvrram                            nvrram       000000
__Hparam                             rparam       000000
__Hpowerup                           powerup      000016
__Hram                               ram          000000
__Hramtop                            ramtop       000300
__Hrbit                              rbit         000000
__Hrbss                              rbss         000000
__Hrdata                             rdata        000000
__Hreset_vec                         reset_vec    000004
__Hrparam                            rparam       000000
__Hsfr                               sfr          000000
__Hsmallconst                        smallconst   0003BA
__Hspace_0                           (abs)        30000E
__Hspace_1                           (abs)        00009C
__Hspace_2                           (abs)        000000
__Hstack                             stack        000000
__Hstruct                            struct       000000
__Htemp                              temp         000050
__Htext                              text         000000
__Htext0                             text0        000000
__Htext1                             text1        000000
__Htext10                            text10       000000
__Htext11                            text11       000000
__Htext12                            text12       000000
__Htext13                            text13       000000
__Htext14                            text14       000000
__Htext15                            text15       000000
__Htext16                            text16       000000
__Htext17                            text17       000000
__Htext18                            text18       000000
__Htext19                            text19       000000
__Htext2                             text2        000000
__Htext20                            text20       000000
__Htext21                            text21       000000
__Htext22                            text22       000000
__Htext23                            text23       000000
__Htext24                            text24       000000
__Htext25                            text25       000000
__Htext27                            text27       000000
__Htext28                            text28       000000
__Htext29                            text29       000000
__Htext3                             text3        000000
__Htext4                             text4        000000
__Htext5                             text5        000000
__Htext6                             text6        000000
__Htext7                             text7        000000
__Htext8                             text8        000000
__Htext9                             text9        000000
__LRAM                               (abs)        000001
__Labs1                              abs1         000000
__Lbank0                             bank0        000000
__Lbank1                             bank1        000000
__Lbank2                             bank2        000000
__Lbigbss                            bigbss       000000
__Lbigdata                           bigdata      000000
__Lbigram                            bigram       000000
__Lbss                               bss          000000
__LbssBANK0                          bssBANK0     000000
__LbssCOMRAM                         bssCOMRAM    000000
__Lcinit                             cinit        000000
__Lclrtext                           clrtext      000000
__Lcomram                            comram       000000
__Lconfig                            config       300000
__Lconst                             const        000000
__LcstackBANK0                       cstackBANK0  000000
__LcstackCOMRAM                      cstackCOMRAM 000000
__Ldata                              data         000000
__Leeprom_data                       eeprom_data  000000
__Lend_init                          end_init     000016
__Lfarbss                            farbss       000000
__Lfardata                           fardata      000000
__Libigdata                          ibigdata     000000
__Lidata                             idata        000000
__Lidloc                             idloc        200000
__Lifardata                          ifardata     000000
__Linit                              init         000016
__Lintcode                           intcode      000008
__Lintcode_body                      intcode_body 000000
__Lintcodelo                         intcodelo    000016
__Lintentry                          intentry     000000
__Lintret                            intret       000000
__Lintsave_regs                      intsave_regs 000000
__Lirdata                            irdata       000000
__Lmediumconst                       mediumconst  000000
__LnvFARRAM                          nvFARRAM     000000
__Lnvbit                             nvbit        000000
__Lnvrram                            nvrram       000000
__Lparam                             rparam       000000
__Lpowerup                           powerup      000016
__Lram                               ram          000000
__Lramtop                            ramtop       000300
__Lrbit                              rbit         000000
__Lrbss                              rbss         000000
__Lrdata                             rdata        000000
__Lreset_vec                         reset_vec    000000
__Lrparam                            rparam       000000
__Lsfr                               sfr          000000
__Lsmallconst                        smallconst   000300
__Lspace_0                           (abs)        000000
__Lspace_1                           (abs)        000000
__Lspace_2                           (abs)        000000
__Lstack                             stack        000000
__Lstruct                            struct       000000
__Ltemp                              temp         00004F
__Ltext                              text         000000
__Ltext0                             text0        000000
__Ltext1                             text1        000000
__Ltext10                            text10       000000
__Ltext11                            text11       000000
__Ltext12                            text12       000000
__Ltext13                            text13       000000
__Ltext14                            text14       000000
__Ltext15                            text15       000000
__Ltext16                            text16       000000
__Ltext17                            text17       000000
__Ltext18                            text18       000000
__Ltext19                            text19       000000
__Ltext2                             text2        000000
__Ltext20                            text20       000000
__Ltext21                            text21       000000
__Ltext22                            text22       000000
__Ltext23                            text23       000000
__Ltext24                            text24       000000
__Ltext25                            text25       000000
__Ltext27                            text27       000000
__Ltext28                            text28       000000
__Ltext29                            text29       000000
__Ltext3                             text3        000000
__Ltext4                             text4        000000
__Ltext5                             text5        000000
__Ltext6                             text6        000000
__Ltext7                             text7        000000
__Ltext8                             text8        000000
__Ltext9                             text9        000000
__PRIMASK_temp                       bssCOMRAM    00003A
__S0                                 (abs)        30000E
__S1                                 (abs)        00009C
__S2                                 (abs)        000000
___awmod                             text22       000A4A
___awmod@counter                     cstackCOMRAM 000015
___awmod@dividend                    cstackCOMRAM 000011
___awmod@divisor                     cstackCOMRAM 000013
___awmod@sign                        cstackCOMRAM 000016
___inthi_sp                          stack        000000
___intlo_sp                          stack        000000
___lbmod                             text13       000C58
___lbmod@counter                     cstackCOMRAM 000013
___lbmod@dividend                    cstackCOMRAM 000012
___lbmod@divisor                     cstackCOMRAM 000011
___lbmod@rem                         cstackCOMRAM 000014
___param_bank                        (abs)        000010
___rparam_used                       (abs)        000001
___sp                                stack        000000
___wmul                              text21       000CCE
___wmul@multiplicand                 cstackCOMRAM 000019
___wmul@multiplier                   cstackCOMRAM 000017
___wmul@product                      cstackCOMRAM 00001B
__accesstop                          (abs)        000060
__activetblptr                       (abs)        000002
__end_of_BitNum2SetMask              smallconst   000321
__end_of_CanRCVResponse              text28       000D54
__end_of_CanXmitResponse             text27       000D7C
__end_of_Check4Keystroke             text15       000D78
__end_of_ES_CheckUserEvents          text14       000BA0
__end_of_ES_DeQueue                  text12       0004B8
__end_of_ES_EnQueueFIFO              text20       000838
__end_of_ES_EventList                smallconst   000360
__end_of_ES_GetMSBitSet              text7        0009D8
__end_of_ES_InitQueue                text25       000BD6
__end_of_ES_Initialize               text16       00069C
__end_of_ES_PostToService            text19       000A4A
__end_of_ES_Run                      text3        000784
__end_of_ES_Timer_Init               text23       000D74
__end_of_ES_Timer_Tick_Resp          text5        0005B0
__end_of_EventQueues                 smallconst   00035E
__end_of_ISR                         intcode_body 0008E6
__end_of_InitCanHardware             text11       000B1E
__end_of_InitCan_XmitService         text17       000C04
__end_of_InitToggleService           text18       000B60
__end_of_Nybble2MSBitNum             smallconst   000350
__end_of_PostToggleService           text6        000D40
__end_of_RunCan_XmitService          text8        000D10
__end_of_RunToggleService            text9        000C58
__end_of_ServDescList                smallconst   000358
__end_of_Timer2PostFunc              smallconst   000341
__end_of_XmitData                    text10       000CCE
__end_of__HW_Process_Pending_Ints    text4        000D66
__end_of__HW_Timer_Init              text24       000D2C
__end_of___awmod                     text22       000ABA
__end_of___lbmod                     text13       000C82
__end_of___wmul                      text21       000CF4
__end_of__initialization             cinit        000C9A
__end_of_main                        text0        000966
__end_of_printf                      text1        000C2E
__end_of_putch                       text2        000D7A
__initialization                     cinit        000C82
__mediumconst                        mediumconst  000000
__pbssBANK0                          bssBANK0     000060
__pbssCOMRAM                         bssCOMRAM    00002B
__pcinit                             cinit        000C82
__pcstackBANK0                       cstackBANK0  00008C
__pcstackCOMRAM                      cstackCOMRAM 000001
__pintcode                           intcode      000008
__pintcode_body                      intcode_body 000838
__psmallconst                        smallconst   000300
__ptext0                             text0        0008E6
__ptext1                             text1        000C04
__ptext10                            text10       000CA8
__ptext11                            text11       000ABA
__ptext12                            text12       0003BA
__ptext13                            text13       000C58
__ptext14                            text14       000B60
__ptext15                            text15       000D74
__ptext16                            text16       0005B0
__ptext17                            text17       000BD6
__ptext18                            text18       000B1E
__ptext19                            text19       0009D8
__ptext2                             text2        000D78
__ptext20                            text20       000784
__ptext21                            text21       000CCE
__ptext22                            text22       000A4A
__ptext23                            text23       000D66
__ptext24                            text24       000D10
__ptext25                            text25       000BA0
__ptext27                            text27       000D7A
__ptext28                            text28       000D40
__ptext29                            text29       000000
__ptext3                             text3        00069C
__ptext4                             text4        000D54
__ptext5                             text5        0004B8
__ptext6                             text6        000D2C
__ptext7                             text7        000966
__ptext8                             text8        000CF4
__ptext9                             text9        000C2E
__ramtop                             ramtop       000300
__size_of_CanRCVResponse             (abs)        000000
__size_of_CanXmitResponse            (abs)        000000
__size_of_Check4Keystroke            (abs)        000000
__size_of_ES_CheckUserEvents         (abs)        000000
__size_of_ES_DeQueue                 (abs)        000000
__size_of_ES_EnQueueFIFO             (abs)        000000
__size_of_ES_GetMSBitSet             (abs)        000000
__size_of_ES_InitQueue               (abs)        000000
__size_of_ES_Initialize              (abs)        000000
__size_of_ES_PostToService           (abs)        000000
__size_of_ES_Run                     (abs)        000000
__size_of_ES_Timer_Init              (abs)        000000
__size_of_ES_Timer_Tick_Resp         (abs)        000000
__size_of_ISR                        (abs)        000000
__size_of_InitCanHardware            (abs)        000000
__size_of_InitCan_XmitService        (abs)        000000
__size_of_InitToggleService          (abs)        000000
__size_of_PostToggleService          (abs)        000000
__size_of_RunCan_XmitService         (abs)        000000
__size_of_RunToggleService           (abs)        000000
__size_of_XmitData                   (abs)        000000
__size_of__HW_Process_Pending_Ints   (abs)        000000
__size_of__HW_Timer_Init             (abs)        000000
__size_of___awmod                    (abs)        000000
__size_of___lbmod                    (abs)        000000
__size_of___wmul                     (abs)        000000
__size_of_main                       (abs)        000000
__size_of_printf                     (abs)        000000
__size_of_putch                      (abs)        000000
__smallconst                         smallconst   000300
_main                                text0        0008E6
_printf                              text1        000C04
_putch                               text2        000D78
btemp                                temp         00004F
end_of_initialization                cinit        000C9A
int$flags                            temp         00004F
int_func                             intcode_body 000838
intlevel0                            text         000000
intlevel1                            text         000000
intlevel2                            text         000000
intlevel3                            text         000000
main@ErrorType                       cstackBANK0  00009B
printf@ap                            cstackCOMRAM 000013
printf@c                             cstackCOMRAM 000015
printf@f                             cstackCOMRAM 000011
stackhi                              (abs)        0002FF
stacklo                              (abs)        00009C
start                                init         000016
start_initialization                 cinit        000C82


FUNCTION INFORMATION:

 *************** function _main *****************
 Defined at:
		line 25 in file "main.c"
 Parameters:    Size  Location     Type
		None
 Auto vars:     Size  Location     Type
  ErrorType       1   15[BANK0 ] enum E15642
 Return value:  Size  Location     Type
                  2  275[None  ] int 
 Registers used:
		wreg, fsr1l, fsr1h, fsr2l, fsr2h, status,2, status,0, pclat, tosl, tblptrl, tblptrh, tblptru, prodl, prodh, cstack
 Tracked objects:
		On entry : 
		On exit  : 
		Unchanged: 
 Data sizes:     COMRAM   BANK0   BANK1   BANK2
      Params:         0       0       0       0
      Locals:         0       1       0       0
      Temps:          0       0       0       0
      Totals:         0       1       0       0
Total ram usage:        1 bytes
 Hardware stack levels required when called:    9
 This function calls:
		_ES_Initialize
		_ES_Run
		_printf
 This function is called by:
		Startup code after reset
 This function uses a non-reentrant model


 *************** function _printf *****************
 Defined at:
		line 464 in file "/Applications/microchip/xc8/v1.38/sources/common/doprnt.c"
 Parameters:    Size  Location     Type
  f               2   16[COMRAM] PTR const unsigned char 
		 -> STR_4(15), STR_3(23), STR_2(24), STR_1(27), 
 Auto vars:     Size  Location     Type
  tmpval          4    0        struct .
  cp              3    0        PTR const unsigned char 
  ap              2   18[COMRAM] PTR void [1]
		 -> ?_printf(2), 
  len             2    0        unsigned int 
  val             2    0        unsigned int 
  c               1   20[COMRAM] char 
  flag            1    0        unsigned char 
  prec            1    0        char 
 Return value:  Size  Location     Type
                  2   16[COMRAM] int 
 Registers used:
		wreg, status,2, status,0, tblptrl, tblptrh, tblptru, cstack
 Tracked objects:
		On entry : 
		On exit  : 
		Unchanged: 
 Data sizes:     COMRAM   BANK0   BANK1   BANK2
      Params:         2       0       0       0
      Locals:         3       0       0       0
      Temps:          0       0       0       0
      Totals:         5       0       0       0
Total ram usage:        5 bytes
 Hardware stack levels used:    1
 Hardware stack levels required when called:    3
 This function calls:
		_putch
 This function is called by:
		_main
 This function uses a non-reentrant model


 *************** function _putch *****************
 Defined at:
		line 7 in file "/Applications/microchip/xc8/v1.38/sources/common/putch.c"
 Parameters:    Size  Location     Type
  c               1    wreg     unsigned char 
 Auto vars:     Size  Location     Type
  c               1    0[COMRAM] unsigned char 
 Return value:  Size  Location     Type
                  1    wreg      void 
 Registers used:
		wreg
 Tracked objects:
		On entry : 
		On exit  : 
		Unchanged: 
 Data sizes:     COMRAM   BANK0   BANK1   BANK2
      Params:         0       0       0       0
      Locals:         0       0       0       0
      Temps:          0       0       0       0
      Totals:         0       0       0       0
Total ram usage:        0 bytes
 Hardware stack levels used:    1
 Hardware stack levels required when called:    2
 This function calls:
		Nothing
 This function is called by:
		_printf
 This function uses a non-reentrant model


 *************** function _ES_Run *****************
 Defined at:
		line 277 in file "ES_Framework.c"
 Parameters:    Size  Location     Type
		None
 Auto vars:     Size  Location     Type
  HighestPrior    1   14[BANK0 ] unsigned char 
 Return value:  Size  Location     Type
                  1    wreg      enum E15490
 Registers used:
		wreg, fsr1l, fsr1h, fsr2l, fsr2h, status,2, status,0, pclat, tosl, tblptrl, tblptrh, tblptru, prodl, prodh, cstack
 Tracked objects:
		On entry : 
		On exit  : 
		Unchanged: 
 Data sizes:     COMRAM   BANK0   BANK1   BANK2
      Params:         0       0       0       0
      Locals:         0       1       0       0
      Temps:          0       4       0       0
      Totals:         0       5       0       0
Total ram usage:        5 bytes
 Hardware stack levels used:    1
 Hardware stack levels required when called:    8
 This function calls:
		_ES_CheckUserEvents
		_ES_DeQueue
		_ES_GetMSBitSet
		_RunCan_XmitService
		_RunToggleService
		__HW_Process_Pending_Ints
 This function is called by:
		_main
 This function uses a non-reentrant model


 *************** function __HW_Process_Pending_Ints *****************
 Defined at:
		line 217 in file "ES_Port.c"
 Parameters:    Size  Location     Type
		None
 Auto vars:     Size  Location     Type
		None
 Return value:  Size  Location     Type
                  1    wreg      unsigned char 
 Registers used:
		wreg, fsr1l, fsr1h, fsr2l, fsr2h, status,2, status,0, pclat, tosl, tblptrl, tblptrh, tblptru, prodl, prodh, cstack
 Tracked objects:
		On entry : 
		On exit  : 
		Unchanged: 
 Data sizes:     COMRAM   BANK0   BANK1   BANK2
      Params:         0       0       0       0
      Locals:         0       0       0       0
      Temps:          0       0       0       0
      Totals:         0       0       0       0
Total ram usage:        0 bytes
 Hardware stack levels used:    1
 Hardware stack levels required when called:    7
 This function calls:
		_ES_Timer_Tick_Resp
 This function is called by:
		_ES_Run
 This function uses a non-reentrant model


 *************** function _ES_Timer_Tick_Resp *****************
 Defined at:
		line 284 in file "ES_Timers.c"
 Parameters:    Size  Location     Type
		None
 Auto vars:     Size  Location     Type
		None
 Return value:  Size  Location     Type
                  1    wreg      void 
 Registers used:
		wreg, fsr1l, fsr1h, fsr2l, fsr2h, status,2, status,0, pclat, tosl, tblptrl, tblptrh, tblptru, prodl, prodh, cstack
 Tracked objects:
		On entry : 
		On exit  : 
		Unchanged: 
 Data sizes:     COMRAM   BANK0   BANK1   BANK2
      Params:         0       0       0       0
      Locals:         0       0       0       0
      Temps:          0       4       0       0
      Totals:         0       4       0       0
Total ram usage:        4 bytes
 Hardware stack levels used:    1
 Hardware stack levels required when called:    6
 This function calls:
		Absolute function
		_ES_GetMSBitSet
		_PostToggleService
 This function is called by:
		__HW_Process_Pending_Ints
 This function uses a non-reentrant model


 *************** function _PostToggleService *****************
 Defined at:
		line 108 in file "ToggleService.c"
 Parameters:    Size  Location     Type
  ThisEvent       3    3[BANK0 ] struct ES_Event_t
 Auto vars:     Size  Location     Type
		None
 Return value:  Size  Location     Type
                  1    wreg      unsigned char 
 Registers used:
		wreg, fsr1l, fsr1h, fsr2l, fsr2h, status,2, status,0, tblptrl, tblptrh, tblptru, prodl, prodh, cstack
 Tracked objects:
		On entry : 
		On exit  : 
		Unchanged: 
 Data sizes:     COMRAM   BANK0   BANK1   BANK2
      Params:         0       3       0       0
      Locals:         0       0       0       0
      Temps:          0       0       0       0
      Totals:         0       3       0       0
Total ram usage:        3 bytes
 Hardware stack levels used:    1
 Hardware stack levels required when called:    5
 This function calls:
		_ES_PostToService
 This function is called by:
		_ES_Timer_Tick_Resp
 This function uses a non-reentrant model


 *************** function _ES_GetMSBitSet *****************
 Defined at:
		line 79 in file "ES_LookupTables.c"
 Parameters:    Size  Location     Type
  Val2Check       2   16[COMRAM] unsigned int 
 Auto vars:     Size  Location     Type
  LoopCntr        1   25[COMRAM] char 
  Nybble2Test     1   24[COMRAM] unsigned char 
  ReturnVal       1   23[COMRAM] unsigned char 
 Return value:  Size  Location     Type
                  1    wreg      unsigned char 
 Registers used:
		wreg, status,2, status,0, tblptrl, tblptrh, tblptru, prodl, prodh
 Tracked objects:
		On entry : 
		On exit  : 
		Unchanged: 
 Data sizes:     COMRAM   BANK0   BANK1   BANK2
      Params:         2       0       0       0
      Locals:         3       0       0       0
      Temps:          5       0       0       0
      Totals:        10       0       0       0
Total ram usage:       10 bytes
 Hardware stack levels used:    1
 Hardware stack levels required when called:    2
 This function calls:
		Nothing
 This function is called by:
		_ES_Run
		_ES_Timer_Tick_Resp
 This function uses a non-reentrant model


 *************** function _RunCan_XmitService *****************
 Defined at:
		line 133 in file "Can_XmitService.c"
 Parameters:    Size  Location     Type
  ThisEvent       3   17[COMRAM] struct ES_Event_t
 Auto vars:     Size  Location     Type
  ReturnEvent     3   20[COMRAM] struct ES_Event_t
 Return value:  Size  Location     Type
                  3   17[COMRAM] struct ES_Event_t
 Registers used:
		wreg, status,2, status,0, cstack
 Tracked objects:
		On entry : 
		On exit  : 
		Unchanged: 
 Data sizes:     COMRAM   BANK0   BANK1   BANK2
      Params:         3       0       0       0
      Locals:         3       0       0       0
      Temps:          0       0       0       0
      Totals:         6       0       0       0
Total ram usage:        6 bytes
 Hardware stack levels used:    1
 Hardware stack levels required when called:    3
 This function calls:
		_InitCanHardware
 This function is called by:
		_ES_Run
 This function uses a non-reentrant model


 *************** function _RunToggleService *****************
 Defined at:
		line 130 in file "ToggleService.c"
 Parameters:    Size  Location     Type
  ThisEvent       3   17[COMRAM] struct ES_Event_t
 Auto vars:     Size  Location     Type
  ReturnEvent     3   20[COMRAM] struct ES_Event_t
 Return value:  Size  Location     Type
                  3   17[COMRAM] struct ES_Event_t
 Registers used:
		wreg, status,2, status,0, cstack
 Tracked objects:
		On entry : 
		On exit  : 
		Unchanged: 
 Data sizes:     COMRAM   BANK0   BANK1   BANK2
      Params:         3       0       0       0
      Locals:         3       0       0       0
      Temps:          0       0       0       0
      Totals:         6       0       0       0
Total ram usage:        6 bytes
 Hardware stack levels used:    1
 Hardware stack levels required when called:    3
 This function calls:
		_XmitData
 This function is called by:
		_ES_Run
 This function uses a non-reentrant model


 *************** function _XmitData *****************
 Defined at:
		line 145 in file "Can_XmitService.c"
 Parameters:    Size  Location     Type
  DataByte        1    wreg     unsigned char 
 Auto vars:     Size  Location     Type
  DataByte        1   16[COMRAM] unsigned char 
 Return value:  Size  Location     Type
                  1    wreg      void 
 Registers used:
		wreg, status,2
 Tracked objects:
		On entry : 
		On exit  : 
		Unchanged: 
 Data sizes:     COMRAM   BANK0   BANK1   BANK2
      Params:         0       0       0       0
      Locals:         1       0       0       0
      Temps:          0       0       0       0
      Totals:         1       0       0       0
Total ram usage:        1 bytes
 Hardware stack levels used:    1
 Hardware stack levels required when called:    2
 This function calls:
		Nothing
 This function is called by:
		_RunToggleService
 This function uses a non-reentrant model


 *************** function _InitCanHardware *****************
 Defined at:
		line 180 in file "Can_XmitService.c"
 Parameters:    Size  Location     Type
		None
 Auto vars:     Size  Location     Type
		None
 Return value:  Size  Location     Type
                  1    wreg      void 
 Registers used:
		wreg, status,2
 Tracked objects:
		On entry : 
		On exit  : 
		Unchanged: 
 Data sizes:     COMRAM   BANK0   BANK1   BANK2
      Params:         0       0       0       0
      Locals:         0       0       0       0
      Temps:          0       0       0       0
      Totals:         0       0       0       0
Total ram usage:        0 bytes
 Hardware stack levels used:    1
 Hardware stack levels required when called:    2
 This function calls:
		Nothing
 This function is called by:
		_RunCan_XmitService
 This function uses a non-reentrant model


 *************** function _ES_DeQueue *****************
 Defined at:
		line 164 in file "ES_Queue.c"
 Parameters:    Size  Location     Type
  pBlock          2   28[COMRAM] PTR struct ES_Event_t
		 -> Queue1(12), Queue0(12), 
  pReturnEvent    2   30[COMRAM] PTR struct ES_Event_t
		 -> ES_Run@ThisEvent(3), ES_RecallEvents@RecalledEvent(3), 
 Auto vars:     Size  Location     Type
  pThisQueue      2   36[COMRAM] PTR struct .
		 -> Queue1(12), Queue0(12), 
  NumLeft         1   35[COMRAM] unsigned char 
  SaveCrit        1   34[COMRAM] unsigned char 
 Return value:  Size  Location     Type
                  1    wreg      unsigned char 
 Registers used:
		wreg, fsr1l, fsr1h, fsr2l, fsr2h, status,2, status,0, prodl, prodh, cstack
 Tracked objects:
		On entry : 
		On exit  : 
		Unchanged: 
 Data sizes:     COMRAM   BANK0   BANK1   BANK2
      Params:         4       0       0       0
      Locals:         4       0       0       0
      Temps:          2       0       0       0
      Totals:        10       0       0       0
Total ram usage:       10 bytes
 Hardware stack levels used:    1
 Hardware stack levels required when called:    3
 This function calls:
		___lbmod
		___wmul
 This function is called by:
		_ES_Run
		_ES_RecallEvents
 This function uses a non-reentrant model


 *************** function ___lbmod *****************
 Defined at:
		line 4 in file "/Applications/microchip/xc8/v1.38/sources/common/lbmod.c"
 Parameters:    Size  Location     Type
  dividend        1    wreg     unsigned char 
  divisor         1   16[COMRAM] unsigned char 
 Auto vars:     Size  Location     Type
  dividend        1   17[COMRAM] unsigned char 
  rem             1   19[COMRAM] unsigned char 
  counter         1   18[COMRAM] unsigned char 
 Return value:  Size  Location     Type
                  1    wreg      unsigned char 
 Registers used:
		wreg, status,2, status,0
 Tracked objects:
		On entry : 
		On exit  : 
		Unchanged: 
 Data sizes:     COMRAM   BANK0   BANK1   BANK2
      Params:         1       0       0       0
      Locals:         3       0       0       0
      Temps:          0       0       0       0
      Totals:         4       0       0       0
Total ram usage:        4 bytes
 Hardware stack levels used:    1
 Hardware stack levels required when called:    2
 This function calls:
		Nothing
 This function is called by:
		_ES_DeQueue
 This function uses a non-reentrant model


 *************** function _ES_CheckUserEvents *****************
 Defined at:
		line 46 in file "ES_CheckEvents.c"
 Parameters:    Size  Location     Type
		None
 Auto vars:     Size  Location     Type
  i               1   16[COMRAM] unsigned char 
 Return value:  Size  Location     Type
                  1    wreg      unsigned char 
 Registers used:
		wreg, status,2, status,0, pclat, tosl, tblptrl, tblptrh, tblptru, prodl, prodh, cstack
 Tracked objects:
		On entry : 
		On exit  : 
		Unchanged: 
 Data sizes:     COMRAM   BANK0   BANK1   BANK2
      Params:         0       0       0       0
      Locals:         1       0       0       0
      Temps:          0       0       0       0
      Totals:         1       0       0       0
Total ram usage:        1 bytes
 Hardware stack levels used:    1
 Hardware stack levels required when called:    3
 This function calls:
		_Check4Keystroke
 This function is called by:
		_ES_Run
 This function uses a non-reentrant model


 *************** function _Check4Keystroke *****************
 Defined at:
		line 62 in file "EventCheckers.c"
 Parameters:    Size  Location     Type
		None
 Auto vars:     Size  Location     Type
		None
 Return value:  Size  Location     Type
                  1    wreg      unsigned char 
 Registers used:
		wreg
 Tracked objects:
		On entry : 
		On exit  : 
		Unchanged: 
 Data sizes:     COMRAM   BANK0   BANK1   BANK2
      Params:         0       0       0       0
      Locals:         0       0       0       0
      Temps:          0       0       0       0
      Totals:         0       0       0       0
Total ram usage:        0 bytes
 Hardware stack levels used:    1
 Hardware stack levels required when called:    2
 This function calls:
		Nothing
 This function is called by:
		_ES_CheckUserEvents
 This function uses a non-reentrant model


 *************** function _ES_Initialize *****************
 Defined at:
		line 242 in file "ES_Framework.c"
 Parameters:    Size  Location     Type
  NewRate         2    7[BANK0 ] enum E15419
 Auto vars:     Size  Location     Type
  i               1    9[BANK0 ] unsigned char 
 Return value:  Size  Location     Type
                  1    wreg      enum E15490
 Registers used:
		wreg, fsr1l, fsr1h, fsr2l, fsr2h, status,2, status,0, pclat, tosl, tblptrl, tblptrh, tblptru, prodl, prodh, cstack
 Tracked objects:
		On entry : 
		On exit  : 
		Unchanged: 
 Data sizes:     COMRAM   BANK0   BANK1   BANK2
      Params:         0       2       0       0
      Locals:         0       1       0       0
      Temps:          0       0       0       0
      Totals:         0       3       0       0
Total ram usage:        3 bytes
 Hardware stack levels used:    1
 Hardware stack levels required when called:    6
 This function calls:
		_ES_InitQueue
		_ES_Timer_Init
		_InitCan_XmitService
		_InitToggleService
 This function is called by:
		_main
 This function uses a non-reentrant model


 *************** function _InitCan_XmitService *****************
 Defined at:
		line 76 in file "Can_XmitService.c"
 Parameters:    Size  Location     Type
  Priority        1    wreg     unsigned char 
 Auto vars:     Size  Location     Type
  Priority        1    6[BANK0 ] unsigned char 
  ThisEvent       3    3[BANK0 ] struct ES_Event_t
 Return value:  Size  Location     Type
                  1    wreg      unsigned char 
 Registers used:
		wreg, fsr1l, fsr1h, fsr2l, fsr2h, status,2, status,0, tblptrl, tblptrh, tblptru, prodl, prodh, cstack
 Tracked objects:
		On entry : 
		On exit  : 
		Unchanged: 
 Data sizes:     COMRAM   BANK0   BANK1   BANK2
      Params:         0       0       0       0
      Locals:         0       4       0       0
      Temps:          0       0       0       0
      Totals:         0       4       0       0
Total ram usage:        4 bytes
 Hardware stack levels used:    1
 Hardware stack levels required when called:    5
 This function calls:
		_ES_PostToService
 This function is called by:
		_ES_Initialize
 This function uses a non-reentrant model


 *************** function _InitToggleService *****************
 Defined at:
		line 63 in file "ToggleService.c"
 Parameters:    Size  Location     Type
  Priority        1    wreg     unsigned char 
 Auto vars:     Size  Location     Type
  Priority        1    6[BANK0 ] unsigned char 
  ThisEvent       3    3[BANK0 ] struct ES_Event_t
 Return value:  Size  Location     Type
                  1    wreg      unsigned char 
 Registers used:
		wreg, fsr1l, fsr1h, fsr2l, fsr2h, status,2, status,0, tblptrl, tblptrh, tblptru, prodl, prodh, cstack
 Tracked objects:
		On entry : 
		On exit  : 
		Unchanged: 
 Data sizes:     COMRAM   BANK0   BANK1   BANK2
      Params:         0       0       0       0
      Locals:         0       4       0       0
      Temps:          0       0       0       0
      Totals:         0       4       0       0
Total ram usage:        4 bytes
 Hardware stack levels used:    1
 Hardware stack levels required when called:    5
 This function calls:
		_ES_PostToService
 This function is called by:
		_ES_Initialize
 This function uses a non-reentrant model


 *************** function _ES_PostToService *****************
 Defined at:
		line 351 in file "ES_Framework.c"
 Parameters:    Size  Location     Type
  WhichService    1    wreg     unsigned char 
  TheEvent        3   39[COMRAM] struct ES_Event_t
 Auto vars:     Size  Location     Type
  WhichService    1    2[BANK0 ] unsigned char 
 Return value:  Size  Location     Type
                  1    wreg      unsigned char 
 Registers used:
		wreg, fsr1l, fsr1h, fsr2l, fsr2h, status,2, status,0, tblptrl, tblptrh, tblptru, prodl, prodh, cstack
 Tracked objects:
		On entry : 
		On exit  : 
		Unchanged: 
 Data sizes:     COMRAM   BANK0   BANK1   BANK2
      Params:         3       0       0       0
      Locals:         0       1       0       0
      Temps:          0       2       0       0
      Totals:         3       3       0       0
Total ram usage:        6 bytes
 Hardware stack levels used:    1
 Hardware stack levels required when called:    4
 This function calls:
		_ES_EnQueueFIFO
 This function is called by:
		_InitToggleService
		_PostToggleService
		_InitCan_XmitService
		_PostCan_TransmitService
 This function uses a non-reentrant model


 *************** function _ES_EnQueueFIFO *****************
 Defined at:
		line 85 in file "ES_Queue.c"
 Parameters:    Size  Location     Type
  pBlock          2   28[COMRAM] PTR struct ES_Event_t
		 -> Queue1(12), Queue0(12), 
  Event2Add       3   30[COMRAM] struct ES_Event_t
 Auto vars:     Size  Location     Type
  pThisQueue      2   37[COMRAM] PTR struct .
		 -> Queue1(12), Queue0(12), 
  SaveCrit        1   36[COMRAM] unsigned char 
 Return value:  Size  Location     Type
                  1    wreg      unsigned char 
 Registers used:
		wreg, fsr1l, fsr1h, fsr2l, fsr2h, status,2, status,0, prodl, prodh, cstack
 Tracked objects:
		On entry : 
		On exit  : 
		Unchanged: 
 Data sizes:     COMRAM   BANK0   BANK1   BANK2
      Params:         5       0       0       0
      Locals:         3       0       0       0
      Temps:          3       0       0       0
      Totals:        11       0       0       0
Total ram usage:       11 bytes
 Hardware stack levels used:    1
 Hardware stack levels required when called:    3
 This function calls:
		___awmod
		___wmul
 This function is called by:
		_ES_PostToService
		_ES_PostAll
 This function uses a non-reentrant model


 *************** function ___wmul *****************
 Defined at:
		line 15 in file "/Applications/microchip/xc8/v1.38/sources/common/Umul16.c"
 Parameters:    Size  Location     Type
  multiplier      2   22[COMRAM] unsigned int 
  multiplicand    2   24[COMRAM] unsigned int 
 Auto vars:     Size  Location     Type
  product         2   26[COMRAM] unsigned int 
 Return value:  Size  Location     Type
                  2   22[COMRAM] unsigned int 
 Registers used:
		wreg, status,2, status,0, prodl, prodh
 Tracked objects:
		On entry : 
		On exit  : 
		Unchanged: 
 Data sizes:     COMRAM   BANK0   BANK1   BANK2
      Params:         4       0       0       0
      Locals:         2       0       0       0
      Temps:          0       0       0       0
      Totals:         6       0       0       0
Total ram usage:        6 bytes
 Hardware stack levels used:    1
 Hardware stack levels required when called:    2
 This function calls:
		Nothing
 This function is called by:
		_ES_EnQueueFIFO
		_ES_DeQueue
		_ES_EnQueueLIFO
 This function uses a non-reentrant model


 *************** function ___awmod *****************
 Defined at:
		line 8 in file "/Applications/microchip/xc8/v1.38/sources/common/awmod.c"
 Parameters:    Size  Location     Type
  dividend        2   16[COMRAM] int 
  divisor         2   18[COMRAM] int 
 Auto vars:     Size  Location     Type
  sign            1   21[COMRAM] unsigned char 
  counter         1   20[COMRAM] unsigned char 
 Return value:  Size  Location     Type
                  2   16[COMRAM] int 
 Registers used:
		wreg, status,2, status,0
 Tracked objects:
		On entry : 
		On exit  : 
		Unchanged: 
 Data sizes:     COMRAM   BANK0   BANK1   BANK2
      Params:         4       0       0       0
      Locals:         2       0       0       0
      Temps:          0       0       0       0
      Totals:         6       0       0       0
Total ram usage:        6 bytes
 Hardware stack levels used:    1
 Hardware stack levels required when called:    2
 This function calls:
		Nothing
 This function is called by:
		_ES_EnQueueFIFO
 This function uses a non-reentrant model


 *************** function _ES_Timer_Init *****************
 Defined at:
		line 130 in file "ES_Timers.c"
 Parameters:    Size  Location     Type
  Rate            2   18[COMRAM] enum E15419
 Auto vars:     Size  Location     Type
		None
 Return value:  Size  Location     Type
                  1    wreg      void 
 Registers used:
		wreg, status,2, cstack
 Tracked objects:
		On entry : 
		On exit  : 
		Unchanged: 
 Data sizes:     COMRAM   BANK0   BANK1   BANK2
      Params:         2       0       0       0
      Locals:         0       0       0       0
      Temps:          0       0       0       0
      Totals:         2       0       0       0
Total ram usage:        2 bytes
 Hardware stack levels used:    1
 Hardware stack levels required when called:    3
 This function calls:
		__HW_Timer_Init
 This function is called by:
		_ES_Initialize
 This function uses a non-reentrant model


 *************** function __HW_Timer_Init *****************
 Defined at:
		line 72 in file "ES_Port.c"
 Parameters:    Size  Location     Type
  Rate            2   16[COMRAM] enum E15412
 Auto vars:     Size  Location     Type
		None
 Return value:  Size  Location     Type
                  1    wreg      void 
 Registers used:
		wreg, status,2
 Tracked objects:
		On entry : 
		On exit  : 
		Unchanged: 
 Data sizes:     COMRAM   BANK0   BANK1   BANK2
      Params:         2       0       0       0
      Locals:         0       0       0       0
      Temps:          0       0       0       0
      Totals:         2       0       0       0
Total ram usage:        2 bytes
 Hardware stack levels used:    1
 Hardware stack levels required when called:    2
 This function calls:
		Nothing
 This function is called by:
		_ES_Timer_Init
 This function uses a non-reentrant model


 *************** function _ES_InitQueue *****************
 Defined at:
		line 58 in file "ES_Queue.c"
 Parameters:    Size  Location     Type
  pBlock          2   16[COMRAM] PTR struct ES_Event_t
		 -> Queue1(12), Queue0(12), 
  BlockSize       1   18[COMRAM] unsigned char 
 Auto vars:     Size  Location     Type
  pThisQueue      2   19[COMRAM] PTR struct .
		 -> Queue1(12), Queue0(12), 
 Return value:  Size  Location     Type
                  1    wreg      unsigned char 
 Registers used:
		wreg, fsr2l, fsr2h, status,2, status,0
 Tracked objects:
		On entry : 
		On exit  : 
		Unchanged: 
 Data sizes:     COMRAM   BANK0   BANK1   BANK2
      Params:         3       0       0       0
      Locals:         2       0       0       0
      Temps:          0       0       0       0
      Totals:         5       0       0       0
Total ram usage:        5 bytes
 Hardware stack levels used:    1
 Hardware stack levels required when called:    2
 This function calls:
		Nothing
 This function is called by:
		_ES_Initialize
 This function uses a non-reentrant model


 *************** function _ISR *****************
 Defined at:
		line 112 in file "ES_Port.c"
 Parameters:    Size  Location     Type
		None
 Auto vars:     Size  Location     Type
		None
 Return value:  Size  Location     Type
                  1    wreg      void 
 Registers used:
		wreg, status,2, status,0, cstack
 Tracked objects:
		On entry : 
		On exit  : 
		Unchanged: 
 Data sizes:     COMRAM   BANK0   BANK1   BANK2
      Params:         0       0       0       0
      Locals:         0       0       0       0
      Temps:         16       0       0       0
      Totals:        16       0       0       0
Total ram usage:       16 bytes
 Hardware stack levels used:    1
 Hardware stack levels required when called:    1
 This function calls:
		_CanRCVResponse
		_CanXmitResponse
 This function is called by:
		Interrupt level 2
 This function uses a non-reentrant model


 *************** function _CanXmitResponse *****************
 Defined at:
		line 160 in file "Can_XmitService.c"
 Parameters:    Size  Location     Type
		None
 Auto vars:     Size  Location     Type
		None
 Return value:  Size  Location     Type
                  1    wreg      void 
 Registers used:
		None
 Tracked objects:
		On entry : 
		On exit  : 
		Unchanged: 
 Data sizes:     COMRAM   BANK0   BANK1   BANK2
      Params:         0       0       0       0
      Locals:         0       0       0       0
      Temps:          0       0       0       0
      Totals:         0       0       0       0
Total ram usage:        0 bytes
 Hardware stack levels used:    1
 This function calls:
		Nothing
 This function is called by:
		_ISR
 This function uses a non-reentrant model


 *************** function _CanRCVResponse *****************
 Defined at:
		line 166 in file "Can_XmitService.c"
 Parameters:    Size  Location     Type
		None
 Auto vars:     Size  Location     Type
		None
 Return value:  Size  Location     Type
                  1    wreg      void 
 Registers used:
		None
 Tracked objects:
		On entry : 
		On exit  : 
		Unchanged: 
 Data sizes:     COMRAM   BANK0   BANK1   BANK2
      Params:         0       0       0       0
      Locals:         0       0       0       0
      Temps:          0       0       0       0
      Totals:         0       0       0       0
Total ram usage:        0 bytes
 Hardware stack levels used:    1
 This function calls:
		Nothing
 This function is called by:
		_ISR
 This function uses a non-reentrant model



MODULE INFORMATION

Module		Function		Class		Link	Load	Size
ES_Queue.c
		_ES_EnQueueFIFO		CODE           	0784	0000	181
		_ES_DeQueue    		CODE           	03BA	0000	255
		_ES_InitQueue  		CODE           	0BA0	0000	55

ES_Queue.c estimated size: 491

ES_CheckEvents.c
		_ES_CheckUserEvents		CODE           	0B60	0000	65

ES_CheckEvents.c estimated size: 65

/Applications/microchip/xc8/v1.38/sources/common/lbmod.c
		___lbmod       		CODE           	0C58	0000	43

/Applications/microchip/xc8/v1.38/sources/common/lbmod.c estimated size: 43

ES_LookupTables.c
		_ES_GetMSBitSet		CODE           	0966	0000	115

ES_LookupTables.c estimated size: 115

EventCheckers.c
		_Check4Keystroke		CODE           	0D74	0000	5

EventCheckers.c estimated size: 5

/Applications/microchip/xc8/v1.38/sources/common/Umul16.c
		___wmul        		CODE           	0CCE	0000	39

/Applications/microchip/xc8/v1.38/sources/common/Umul16.c estimated size: 39

Can_XmitService.c
		_InitCan_XmitService		CODE           	0BD6	0000	47
		_RunCan_XmitService		CODE           	0CF4	0000	29
		_CanXmitResponse		CODE           	0D7A	0000	3
		_CanRCVResponse		CODE           	0D40	0000	21
		_XmitData      		CODE           	0CA8	0000	39
		_InitCanHardware		CODE           	0ABA	0000	101

Can_XmitService.c estimated size: 240

ES_Framework.c
		_ES_PostToService		CODE           	09D8	0000	115
		_ES_Run        		CODE           	069C	0000	233
		_ES_Initialize 		CODE           	05B0	0000	237

ES_Framework.c estimated size: 585

ToggleService.c
		_InitToggleService		CODE           	0B1E	0000	67
		_RunToggleService		CODE           	0C2E	0000	43
		_PostToggleService		CODE           	0D2C	0000	21

ToggleService.c estimated size: 131

shared
		_BitNum2SetMask		SMALLCONST     	0301	0000	33
		_ES_EventList  		SMALLCONST     	035E	0000	3
		_Nybble2MSBitNum		SMALLCONST     	0341	0000	16
		_EventQueues   		SMALLCONST     	0358	0000	7
		__initialization		CODE           	0C82	0000	25
		_Timer2PostFunc		SMALLCONST     	0321	0000	33
		_ServDescList  		SMALLCONST     	0350	0000	9

shared estimated size: 126

ES_Port.c
		_ISR           		CODE           	0008	0000	189
		__HW_Process_Pending_Ints		CODE           	0D54	0000	19
		__HW_Timer_Init		CODE           	0D10	0000	29

ES_Port.c estimated size: 237

/Applications/microchip/xc8/v1.38/sources/common/awmod.c
		___awmod       		CODE           	0A4A	0000	113

/Applications/microchip/xc8/v1.38/sources/common/awmod.c estimated size: 113

/Applications/microchip/xc8/v1.38/sources/common/putch.c
		_putch         		CODE           	0D78	0000	3

/Applications/microchip/xc8/v1.38/sources/common/putch.c estimated size: 3

ES_Timers.c
		_ES_Timer_Init 		CODE           	0D66	0000	15
		_ES_Timer_Tick_Resp		CODE           	04B8	0000	249

ES_Timers.c estimated size: 264

main.c
		_main          		CODE           	08E6	0000	129

main.c estimated size: 129

/Applications/microchip/xc8/v1.38/sources/common/doprnt.c
		_printf        		CODE           	0C04	0000	43

/Applications/microchip/xc8/v1.38/sources/common/doprnt.c estimated size: 43

